// Jest Snapshot v1, https://goo.gl/fbAQLP

exports[`about component matches snapshot on DOM 1`] = `
<DocumentFragment>
  <section>
    <h1
      id="about"
    >
      Who am I?
    </h1>
    <img
      alt="cover"
      class="my-2"
      src="BreenGrub-logo.jpg"
      style="width: 100%;"
    />
  </section>
</DocumentFragment>
`;
